0 verbose cli C:\Program Files\nodejs\node.exe C:\Users\yashv\AppData\Roaming\npm\node_modules\npm\bin\npm-cli.js
1 info using npm@11.7.0
2 info using node@v20.19.1
3 silly config load:file:C:\Users\yashv\AppData\Roaming\npm\node_modules\npm\npmrc
4 silly config load:file:E:\leet\.npmrc
5 silly config load:file:C:\Users\yashv\.npmrc
6 silly config load:file:C:\Users\yashv\AppData\Roaming\npm\etc\npmrc
7 verbose title npm exec tsx tmp_rovodev_fix_user_model.ts
8 verbose argv "exec" "--" "tsx" "tmp_rovodev_fix_user_model.ts"
9 verbose logfile logs-max:10 dir:E:\leet\npm-cache\_logs\2026-02-26T15_13_32_287Z-
10 verbose logfile E:\leet\npm-cache\_logs\2026-02-26T15_13_32_287Z-debug-0.log
11 silly logfile start cleaning logs, removing 1 files
12 silly logfile done cleaning log files
13 silly packumentCache heap:2197815296 maxSize:549453824 maxEntrySize:274726912
14 http fetch GET 200 https://registry.npmjs.org/tsx 451ms (cache revalidated)
15 silly packumentCache heap:2197815296 maxSize:549453824 maxEntrySize:274726912
16 silly packumentCache heap:2197815296 maxSize:549453824 maxEntrySize:274726912
17 verbose cwd E:\leet
18 verbose os Windows_NT 10.0.26100
19 verbose node v20.19.1
20 verbose npm  v11.7.0
21 verbose exit 1
22 verbose code 1
