0 verbose cli C:\Program Files\nodejs\node.exe C:\Users\yashv\AppData\Roaming\npm\node_modules\npm\bin\npm-cli.js
1 info using npm@11.7.0
2 info using node@v20.19.1
3 silly config load:file:C:\Users\yashv\AppData\Roaming\npm\node_modules\npm\npmrc
4 silly config load:file:E:\leet\.npmrc
5 silly config load:file:C:\Users\yashv\.npmrc
6 silly config load:file:C:\Users\yashv\AppData\Roaming\npm\etc\npmrc
7 verbose title npm run typecheck
8 verbose argv "run" "--loglevel" "silent" "typecheck"
9 verbose logfile logs-max:10 dir:E:\leet\npm-cache\_logs\2026-02-16T06_17_10_159Z-
10 verbose logfile E:\leet\npm-cache\_logs\2026-02-16T06_17_10_159Z-debug-0.log
11 silly logfile start cleaning logs, removing 2 files
12 silly logfile error removing log file E:\leet\npm-cache\_logs\2026-02-16T05_38_02_092Z-debug-0.log [Error: EPERM: operation not permitted, lstat 'E:\leet\npm-cache\_logs\2026-02-16T05_38_02_092Z-debug-0.log'] {
12 silly logfile   errno: -4048,
12 silly logfile   code: 'EPERM',
12 silly logfile   syscall: 'lstat',
12 silly logfile   path: 'E:\\leet\\npm-cache\\_logs\\2026-02-16T05_38_02_092Z-debug-0.log'
12 silly logfile }
13 silly logfile done cleaning log files
14 verbose stack Error: Missing script: "typecheck"
14 verbose stack
14 verbose stack To see a list of scripts, run:
14 verbose stack   npm run
14 verbose stack     at #run (C:\Users\yashv\AppData\Roaming\npm\node_modules\npm\lib\commands\run.js:115:13)
14 verbose stack     at async RunScript.exec (C:\Users\yashv\AppData\Roaming\npm\node_modules\npm\lib\commands\run.js:44:7)
14 verbose stack     at async Npm.exec (C:\Users\yashv\AppData\Roaming\npm\node_modules\npm\lib\npm.js:208:9)
14 verbose stack     at async module.exports (C:\Users\yashv\AppData\Roaming\npm\node_modules\npm\lib\cli\entry.js:67:5)
15 error Missing script: "typecheck"
15 error
15 error To see a list of scripts, run:
15 error   npm run
16 verbose cwd E:\leet
17 verbose os Windows_NT 10.0.26100
18 verbose node v20.19.1
19 verbose npm  v11.7.0
20 verbose exit 1
21 verbose code 1
22 error A complete log of this run can be found in: E:\leet\npm-cache\_logs\2026-02-16T06_17_10_159Z-debug-0.log
