0 verbose cli C:\Program Files\nodejs\node.exe C:\Users\yashv\AppData\Roaming\npm\node_modules\npm\bin\npm-cli.js
1 info using npm@11.7.0
2 info using node@v20.19.1
3 silly config load:file:C:\Users\yashv\AppData\Roaming\npm\node_modules\npm\npmrc
4 silly config load:file:E:\leet\.npmrc
5 silly config load:file:C:\Users\yashv\.npmrc
6 silly config load:file:C:\Users\yashv\AppData\Roaming\npm\etc\npmrc
7 verbose title npm run lint
8 verbose argv "run" "lint"
9 verbose logfile logs-max:10 dir:E:\leet\npm-cache\_logs\2026-02-03T19_52_47_797Z-
10 verbose logfile E:\leet\npm-cache\_logs\2026-02-03T19_52_47_797Z-debug-0.log
11 silly logfile start cleaning logs, removing 2 files
12 silly logfile error removing log file E:\leet\npm-cache\_logs\2026-02-03T18_30_39_158Z-debug-0.log [Error: EPERM: operation not permitted, lstat 'E:\leet\npm-cache\_logs\2026-02-03T18_30_39_158Z-debug-0.log'] {
12 silly logfile   errno: -4048,
12 silly logfile   code: 'EPERM',
12 silly logfile   syscall: 'lstat',
12 silly logfile   path: 'E:\\leet\\npm-cache\\_logs\\2026-02-03T18_30_39_158Z-debug-0.log'
12 silly logfile }
13 silly logfile done cleaning log files
14 verbose cwd E:\leet
15 verbose os Windows_NT 10.0.26100
16 verbose node v20.19.1
17 verbose npm  v11.7.0
18 verbose exit 0
19 info ok
